// Jest Snapshot v1, https://goo.gl/fbAQLP

exports[`renders without crashing 1`] = `
<View
  style={
    Object {
      "alignItems": "center",
      "backgroundColor": "#00b4d5",
      "flex": 1,
    }
  }
>
  <View
    style={
      Object {
        "alignItems": "center",
        "flexDirection": "row",
        "justifyContent": "center",
        "marginTop": 50,
      }
    }
  >
    <View
      accessibilityComponentType={undefined}
      accessibilityLabel={undefined}
      accessibilityTraits={undefined}
      accessible={true}
      hitSlop={undefined}
      isTVSelectable={true}
      onLayout={undefined}
      onResponderGrant={[Function]}
      onResponderMove={[Function]}
      onResponderRelease={[Function]}
      onResponderTerminate={[Function]}
      onResponderTerminationRequest={[Function]}
      onStartShouldSetResponder={[Function]}
      style={
        Object {
          "opacity": 1,
        }
      }
      testID={undefined}
      tvParallaxProperties={undefined}
    >
      <View
        style={
          Object {
            "alignItems": "center",
            "backgroundColor": "#73dbff",
            "borderRadius": 9999,
            "elevation": 5,
            "height": 60,
            "justifyContent": "center",
            "marginLeft": 5,
            "marginRight": 5,
            "opacity": 1,
            "padding": 5,
            "shadowColor": "rgba(0, 0, 0, 0.1)",
            "shadowOffset": Object {
              "height": 4,
              "width": 4,
            },
            "shadowOpacity": 1,
            "shadowRadius": 0,
            "width": 60,
          }
        }
      >
        <Text
          accessible={true}
          allowFontScaling={true}
          ellipsizeMode="tail"
          style={
            Object {
              "color": "#ffffff",
              "fontFamily": "norddruck",
              "fontSize": 35,
              "textAlign": "center",
            }
          }
        >
          a
        </Text>
      </View>
    </View>
    <View
      accessibilityComponentType={undefined}
      accessibilityLabel={undefined}
      accessibilityTraits={undefined}
      accessible={true}
      hitSlop={undefined}
      isTVSelectable={true}
      onLayout={undefined}
      onResponderGrant={[Function]}
      onResponderMove={[Function]}
      onResponderRelease={[Function]}
      onResponderTerminate={[Function]}
      onResponderTerminationRequest={[Function]}
      onStartShouldSetResponder={[Function]}
      style={
        Object {
          "opacity": 1,
        }
      }
      testID={undefined}
      tvParallaxProperties={undefined}
    >
      <View
        style={
          Object {
            "alignItems": "center",
            "backgroundColor": "#73dbff",
            "borderRadius": 9999,
            "elevation": 5,
            "height": 60,
            "justifyContent": "center",
            "marginLeft": 5,
            "marginRight": 5,
            "opacity": 1,
            "padding": 5,
            "shadowColor": "rgba(0, 0, 0, 0.1)",
            "shadowOffset": Object {
              "height": 4,
              "width": 4,
            },
            "shadowOpacity": 1,
            "shadowRadius": 0,
            "width": 60,
          }
        }
      >
        <Text
          accessible={true}
          allowFontScaling={true}
          ellipsizeMode="tail"
          style={
            Object {
              "color": "#ffffff",
              "fontFamily": "norddruck",
              "fontSize": 35,
              "textAlign": "center",
            }
          }
        >
          N
        </Text>
      </View>
    </View>
    <View
      accessibilityComponentType={undefined}
      accessibilityLabel={undefined}
      accessibilityTraits={undefined}
      accessible={true}
      hitSlop={undefined}
      isTVSelectable={true}
      onLayout={undefined}
      onResponderGrant={[Function]}
      onResponderMove={[Function]}
      onResponderRelease={[Function]}
      onResponderTerminate={[Function]}
      onResponderTerminationRequest={[Function]}
      onStartShouldSetResponder={[Function]}
      style={
        Object {
          "opacity": 1,
        }
      }
      testID={undefined}
      tvParallaxProperties={undefined}
    >
      <View
        style={
          Object {
            "alignItems": "center",
            "backgroundColor": "#73dbff",
            "borderRadius": 9999,
            "elevation": 5,
            "height": 60,
            "justifyContent": "center",
            "marginLeft": 5,
            "marginRight": 5,
            "opacity": 1,
            "padding": 5,
            "shadowColor": "rgba(0, 0, 0, 0.1)",
            "shadowOffset": Object {
              "height": 4,
              "width": 4,
            },
            "shadowOpacity": 1,
            "shadowRadius": 0,
            "width": 60,
          }
        }
      >
        <Text
          accessible={true}
          allowFontScaling={true}
          ellipsizeMode="tail"
          style={
            Object {
              "color": "#ffffff",
              "fontFamily": "norddruck",
              "fontSize": 35,
              "textAlign": "center",
            }
          }
        >
          E
        </Text>
      </View>
    </View>
  </View>
  <View
    style={
      Object {
        "alignItems": "center",
        "flexDirection": "row",
        "justifyContent": "center",
      }
    }
  >
    <View
      accessibilityComponentType={undefined}
      accessibilityLabel={undefined}
      accessibilityTraits={undefined}
      accessible={true}
      hitSlop={undefined}
      isTVSelectable={true}
      onLayout={undefined}
      onResponderGrant={[Function]}
      onResponderMove={[Function]}
      onResponderRelease={[Function]}
      onResponderTerminate={[Function]}
      onResponderTerminationRequest={[Function]}
      onStartShouldSetResponder={[Function]}
      style={
        Object {
          "opacity": 1,
        }
      }
      testID={undefined}
      tvParallaxProperties={undefined}
    >
      <View
        style={
          Object {
            "alignItems": "center",
            "backgroundColor": "#73dbff",
            "borderRadius": 9999,
            "elevation": 5,
            "height": 60,
            "justifyContent": "center",
            "marginLeft": 5,
            "marginRight": 5,
            "opacity": 1,
            "padding": 5,
            "shadowColor": "rgba(0, 0, 0, 0.1)",
            "shadowOffset": Object {
              "height": 4,
              "width": 4,
            },
            "shadowOpacity": 1,
            "shadowRadius": 0,
            "width": 60,
          }
        }
      >
        <Text
          accessible={true}
          allowFontScaling={true}
          ellipsizeMode="tail"
          style={
            Object {
              "color": "#ffffff",
              "fontFamily": "norddruck",
              "fontSize": 35,
              "textAlign": "center",
            }
          }
        >
          s
        </Text>
      </View>
    </View>
    <View
      accessibilityComponentType={undefined}
      accessibilityLabel={undefined}
      accessibilityTraits={undefined}
      accessible={true}
      hitSlop={undefined}
      isTVSelectable={true}
      onLayout={undefined}
      onResponderGrant={[Function]}
      onResponderMove={[Function]}
      onResponderRelease={[Function]}
      onResponderTerminate={[Function]}
      onResponderTerminationRequest={[Function]}
      onStartShouldSetResponder={[Function]}
      style={
        Object {
          "opacity": 1,
        }
      }
      testID={undefined}
      tvParallaxProperties={undefined}
    >
      <View
        style={
          Object {
            "alignItems": "center",
            "backgroundColor": "#73dbff",
            "borderRadius": 9999,
            "elevation": 5,
            "height": 60,
            "justifyContent": "center",
            "marginLeft": 5,
            "marginRight": 5,
            "opacity": 1,
            "padding": 5,
            "shadowColor": "rgba(0, 0, 0, 0.1)",
            "shadowOffset": Object {
              "height": 4,
              "width": 4,
            },
            "shadowOpacity": 1,
            "shadowRadius": 0,
            "transform": Array [
              Object {
                "rotate": "50deg",
              },
            ],
            "width": 60,
          }
        }
      >
        <Text
          accessible={true}
          allowFontScaling={true}
          ellipsizeMode="tail"
          style={
            Object {
              "color": "#ffffff",
              "fontFamily": "norddruck",
              "fontSize": 35,
              "textAlign": "center",
            }
          }
        >
          T
        </Text>
      </View>
    </View>
  </View>
</View>
`;
