// Jest Snapshot v1, https://goo.gl/fbAQLP

exports[`renders without crashing 1`] = `
<View
  style={
    Object {
      "alignItems": "center",
      "backgroundColor": "#00b4d5",
      "flex": 1,
      "justifyContent": "space-around",
    }
  }
>
  <View
    style={
      Object {
        "alignItems": "flex-end",
        "flexDirection": "row",
      }
    }
  >
    <View
      collapsable={undefined}
      style={
        Object {
          "backgroundColor": "rgba(0, 0, 0, 0.1)",
          "borderRadius": 9999999,
          "margin": 20,
        }
      }
    >
      <Image
        collapsable={undefined}
        resizeMode="cover"
        source={1337}
        style={
          Object {
            "borderRadius": 100,
            "height": 200,
            "margin": 20,
            "width": 200,
          }
        }
      />
    </View>
    <View
      accessibilityComponentType={undefined}
      accessibilityLabel={undefined}
      accessibilityTraits={undefined}
      accessible={true}
      collapsable={undefined}
      hitSlop={undefined}
      isTVSelectable={true}
      nativeID={undefined}
      onLayout={undefined}
      onResponderGrant={[Function]}
      onResponderMove={[Function]}
      onResponderRelease={[Function]}
      onResponderTerminate={[Function]}
      onResponderTerminationRequest={[Function]}
      onStartShouldSetResponder={[Function]}
      style={
        Object {
          "marginLeft": -70,
          "marginRight": 20,
          "opacity": 1,
        }
      }
      testID={undefined}
      tvParallaxProperties={undefined}
    >
      <View
        style={
          Object {
            "alignItems": "center",
            "backgroundColor": "#73dbff",
            "borderRadius": 9999,
            "elevation": 10,
            "height": 55,
            "justifyContent": "center",
            "padding": 5,
            "shadowColor": "rgba(0, 0, 0, 0.1)",
            "shadowOffset": Object {
              "height": 4,
              "width": 4,
            },
            "shadowOpacity": 1,
            "shadowRadius": 0,
            "width": 55,
          }
        }
      >
        <Text
          accessible={true}
          allowFontScaling={true}
          disabled={false}
          ellipsizeMode="tail"
        />
      </View>
    </View>
  </View>
  <View
    style={
      Object {
        "flexDirection": "row",
      }
    }
  >
    <View
      style={
        Object {
          "padding": 5,
        }
      }
    >
      <Text
        accessible={true}
        allowFontScaling={true}
        disabled={false}
        ellipsizeMode="tail"
        style={
          Object {
            "color": "#ffffff",
            "fontFamily": "norddruck",
            "fontSize": 35,
            "textAlign": "center",
          }
        }
      >
        A
      </Text>
    </View>
    <View
      style={
        Object {
          "padding": 5,
        }
      }
    >
      <Text
        accessible={true}
        allowFontScaling={true}
        disabled={false}
        ellipsizeMode="tail"
        style={
          Object {
            "color": "#ffffff",
            "fontFamily": "norddruck",
            "fontSize": 35,
            "textAlign": "center",
          }
        }
      >
        p
      </Text>
    </View>
    <View
      style={
        Object {
          "padding": 5,
        }
      }
    >
      <Text
        accessible={true}
        allowFontScaling={true}
        disabled={false}
        ellipsizeMode="tail"
        style={
          Object {
            "color": "#ffffff",
            "fontFamily": "norddruck",
            "fontSize": 35,
            "textAlign": "center",
          }
        }
      >
        f
      </Text>
    </View>
    <View>
      <View
        style={
          Object {
            "flex": 1,
            "flexDirection": "column",
            "justifyContent": "flex-end",
          }
        }
      >
        <View
          accessibilityComponentType={undefined}
          accessibilityLabel={undefined}
          accessibilityTraits={undefined}
          accessible={true}
          collapsable={undefined}
          hitSlop={undefined}
          isTVSelectable={true}
          nativeID={undefined}
          onLayout={undefined}
          onResponderGrant={[Function]}
          onResponderMove={[Function]}
          onResponderRelease={[Function]}
          onResponderTerminate={[Function]}
          onResponderTerminationRequest={[Function]}
          onStartShouldSetResponder={[Function]}
          style={
            Object {
              "opacity": 1,
            }
          }
          testID={undefined}
          tvParallaxProperties={undefined}
        >
          <View
            style={
              Object {
                "backgroundColor": "#73dbff",
                "borderRadius": 20,
                "elevation": 10,
                "minWidth": 25,
                "padding": 5,
                "shadowColor": "rgba(0, 0, 0, 0.1)",
                "shadowOffset": Object {
                  "height": 4,
                  "width": 4,
                },
                "shadowOpacity": 1,
                "shadowRadius": 0,
              }
            }
          >
            <Text
              accessible={true}
              allowFontScaling={true}
              disabled={false}
              ellipsizeMode="tail"
              style={
                Object {
                  "color": "#ffffff",
                  "fontFamily": "norddruck",
                  "fontSize": 35,
                  "textAlign": "center",
                }
              }
            >
               
            </Text>
          </View>
        </View>
      </View>
    </View>
    <View
      style={
        Object {
          "padding": 5,
        }
      }
    >
      <Text
        accessible={true}
        allowFontScaling={true}
        disabled={false}
        ellipsizeMode="tail"
        style={
          Object {
            "color": "#ffffff",
            "fontFamily": "norddruck",
            "fontSize": 35,
            "textAlign": "center",
          }
        }
      >
        l
      </Text>
    </View>
  </View>
</View>
`;
