// Jest Snapshot v1, https://goo.gl/fbAQLP

exports[`renders without crashing 1`] = `
<View
  style={
    Object {
      "alignItems": "center",
      "backgroundColor": "#00b4d5",
      "flex": 1,
    }
  }
>
  <View
    style={
      Object {
        "alignItems": "center",
        "flexDirection": "row",
        "flexWrap": "wrap",
        "justifyContent": "center",
        "marginTop": 50,
        "width": 300,
      }
    }
  >
    <View
      style={
        Object {
          "alignItems": "center",
          "backgroundColor": "rgba(255, 255, 255, 0.2)",
          "borderRadius": 9999,
          "height": 60,
          "justifyContent": "center",
          "margin": 5,
          "padding": 5,
          "width": 60,
        }
      }
    >
      <Text
        accessible={true}
        allowFontScaling={true}
        ellipsizeMode="tail"
        style={
          Object {
            "color": "#ffffff",
            "fontFamily": "norddruck",
            "fontSize": 35,
            "textAlign": "center",
          }
        }
      >
        na
      </Text>
    </View>
    <View
      accessibilityComponentType={undefined}
      accessibilityLabel={undefined}
      accessibilityTraits={undefined}
      accessible={true}
      hitSlop={undefined}
      isTVSelectable={true}
      onLayout={undefined}
      onResponderGrant={[Function]}
      onResponderMove={[Function]}
      onResponderRelease={[Function]}
      onResponderTerminate={[Function]}
      onResponderTerminationRequest={[Function]}
      onStartShouldSetResponder={[Function]}
      style={
        Object {
          "opacity": 1,
        }
      }
      testID={undefined}
      tvParallaxProperties={undefined}
    >
      <View
        style={
          Object {
            "alignItems": "center",
            "backgroundColor": "#73dbff",
            "borderRadius": 9999,
            "elevation": 5,
            "height": 60,
            "justifyContent": "center",
            "margin": 5,
            "opacity": 1,
            "padding": 5,
            "shadowColor": "rgba(0, 0, 0, 0.1)",
            "shadowOffset": Object {
              "height": 4,
              "width": 4,
            },
            "shadowOpacity": 1,
            "shadowRadius": 0,
            "width": 60,
          }
        }
      >
        <Text
          accessible={true}
          allowFontScaling={true}
          ellipsizeMode="tail"
          style={
            Object {
              "color": "#ffffff",
              "fontFamily": "norddruck",
              "fontSize": 35,
              "textAlign": "center",
            }
          }
        >
          ne
        </Text>
      </View>
    </View>
    <View
      style={
        Object {
          "alignItems": "center",
          "backgroundColor": "rgba(255, 255, 255, 0.2)",
          "borderRadius": 9999,
          "height": 60,
          "justifyContent": "center",
          "margin": 5,
          "padding": 5,
          "width": 60,
        }
      }
    >
      <Text
        accessible={true}
        allowFontScaling={true}
        ellipsizeMode="tail"
        style={
          Object {
            "color": "#ffffff",
            "fontFamily": "norddruck",
            "fontSize": 35,
            "textAlign": "center",
          }
        }
      >
        no
      </Text>
    </View>
    <View
      style={
        Object {
          "alignItems": "center",
          "backgroundColor": "rgba(255, 255, 255, 0.2)",
          "borderRadius": 9999,
          "height": 60,
          "justifyContent": "center",
          "margin": 5,
          "padding": 5,
          "width": 60,
        }
      }
    >
      <Text
        accessible={true}
        allowFontScaling={true}
        ellipsizeMode="tail"
        style={
          Object {
            "color": "#ffffff",
            "fontFamily": "norddruck",
            "fontSize": 35,
            "textAlign": "center",
          }
        }
      >
        sa
      </Text>
    </View>
    <View
      style={
        Object {
          "alignItems": "center",
          "backgroundColor": "rgba(255, 255, 255, 0.2)",
          "borderRadius": 9999,
          "height": 60,
          "justifyContent": "center",
          "margin": 5,
          "padding": 5,
          "width": 60,
        }
      }
    >
      <Text
        accessible={true}
        allowFontScaling={true}
        ellipsizeMode="tail"
        style={
          Object {
            "color": "#ffffff",
            "fontFamily": "norddruck",
            "fontSize": 35,
            "textAlign": "center",
          }
        }
      >
        se
      </Text>
    </View>
    <View
      style={
        Object {
          "alignItems": "center",
          "backgroundColor": "rgba(255, 255, 255, 0.2)",
          "borderRadius": 9999,
          "height": 60,
          "justifyContent": "center",
          "margin": 5,
          "padding": 5,
          "width": 60,
        }
      }
    >
      <Text
        accessible={true}
        allowFontScaling={true}
        ellipsizeMode="tail"
        style={
          Object {
            "color": "#ffffff",
            "fontFamily": "norddruck",
            "fontSize": 35,
            "textAlign": "center",
          }
        }
      >
        so
      </Text>
    </View>
    <View
      style={
        Object {
          "alignItems": "center",
          "backgroundColor": "rgba(255, 255, 255, 0.2)",
          "borderRadius": 9999,
          "height": 60,
          "justifyContent": "center",
          "margin": 5,
          "padding": 5,
          "width": 60,
        }
      }
    >
      <Text
        accessible={true}
        allowFontScaling={true}
        ellipsizeMode="tail"
        style={
          Object {
            "color": "#ffffff",
            "fontFamily": "norddruck",
            "fontSize": 35,
            "textAlign": "center",
          }
        }
      >
        ta
      </Text>
    </View>
    <View
      style={
        Object {
          "alignItems": "center",
          "backgroundColor": "rgba(255, 255, 255, 0.2)",
          "borderRadius": 9999,
          "height": 60,
          "justifyContent": "center",
          "margin": 5,
          "padding": 5,
          "width": 60,
        }
      }
    >
      <Text
        accessible={true}
        allowFontScaling={true}
        ellipsizeMode="tail"
        style={
          Object {
            "color": "#ffffff",
            "fontFamily": "norddruck",
            "fontSize": 35,
            "textAlign": "center",
          }
        }
      >
        te
      </Text>
    </View>
    <View
      style={
        Object {
          "alignItems": "center",
          "backgroundColor": "rgba(255, 255, 255, 0.2)",
          "borderRadius": 9999,
          "height": 60,
          "justifyContent": "center",
          "margin": 5,
          "padding": 5,
          "width": 60,
        }
      }
    >
      <Text
        accessible={true}
        allowFontScaling={true}
        ellipsizeMode="tail"
        style={
          Object {
            "color": "#ffffff",
            "fontFamily": "norddruck",
            "fontSize": 35,
            "textAlign": "center",
          }
        }
      >
        to
      </Text>
    </View>
  </View>
</View>
`;
