// Jest Snapshot v1, https://goo.gl/fbAQLP

exports[`renders without crashing 1`] = `
<View
  style={
    Object {
      "alignItems": "center",
      "backgroundColor": "#00b4d5",
      "flex": 1,
      "justifyContent": "space-around",
    }
  }
>
  <View
    style={
      Object {
        "alignItems": "center",
        "justifyContent": "center",
        "width": "100%",
      }
    }
  >
    <Video
      accessibilityComponentType={undefined}
      accessibilityLabel={undefined}
      accessibilityTraits={undefined}
      accessible={true}
      hitSlop={undefined}
      nativeID={undefined}
      onLayout={undefined}
      onPlaybackStatusUpdate={[Function]}
      onResponderGrant={[Function]}
      onResponderMove={[Function]}
      onResponderRelease={[Function]}
      onResponderTerminate={[Function]}
      onResponderTerminationRequest={[Function]}
      onStartShouldSetResponder={[Function]}
      resizeMode={undefined}
      shouldPlay={true}
      source={1337}
      style={
        Array [
          Object {
            "height": 562.5,
            "width": 750,
          },
          false,
        ]
      }
      testID={undefined}
    />
  </View>
  <View
    style={
      Object {
        "alignItems": "center",
        "flex": 4,
        "justifyContent": "center",
      }
    }
  >
    <Text
      accessible={true}
      allowFontScaling={true}
      disabled={false}
      ellipsizeMode="tail"
      style={
        Array [
          Object {
            "color": "#ffffff",
            "fontFamily": "norddruck",
            "fontSize": 35,
            "textAlign": "center",
          },
          Object {
            "marginBottom": 25,
          },
        ]
      }
    >
      Wer ist eine Ananas?
    </Text>
    <View>
      <View
        accessibilityComponentType={undefined}
        accessibilityLabel={undefined}
        accessibilityTraits={undefined}
        accessible={true}
        collapsable={undefined}
        hitSlop={undefined}
        isTVSelectable={true}
        nativeID={undefined}
        onLayout={undefined}
        onResponderGrant={[Function]}
        onResponderMove={[Function]}
        onResponderRelease={[Function]}
        onResponderTerminate={[Function]}
        onResponderTerminationRequest={[Function]}
        onStartShouldSetResponder={[Function]}
        style={
          Object {
            "opacity": 1,
          }
        }
        testID={undefined}
        tvParallaxProperties={undefined}
      >
        <View
          style={
            Array [
              Object {
                "backgroundColor": "rgba(255, 255, 255, 0.2)",
                "borderColor": "#ffffff",
                "borderRadius": 9999,
              },
              Array [
                Object {
                  "backgroundColor": "#73dbff",
                  "elevation": 5,
                  "opacity": 1,
                  "shadowColor": "rgba(0, 0, 0, 0.1)",
                  "shadowOffset": Object {
                    "height": 4,
                    "width": 4,
                  },
                  "shadowOpacity": 1,
                  "shadowRadius": 0,
                },
                Array [
                  Object {
                    "margin": 5,
                  },
                  null,
                ],
              ],
              Object {},
            ]
          }
        >
          <View
            collapsable={undefined}
            style={
              Object {
                "alignItems": "center",
                "height": NaN,
                "justifyContent": "center",
                "overflow": "hidden",
                "width": NaN,
              }
            }
          >
            <Text
              accessible={true}
              allowFontScaling={true}
              collapsable={undefined}
              disabled={false}
              ellipsizeMode="tail"
              style={
                Object {
                  "backgroundColor": "transparent",
                  "color": "#ffffff",
                  "fontFamily": "norddruck",
                  "fontSize": 35,
                  "marginTop": 5,
                  "textAlign": "center",
                }
              }
            >
              Ich bin eine Ananas
            </Text>
          </View>
        </View>
      </View>
      <View
        accessibilityComponentType={undefined}
        accessibilityLabel={undefined}
        accessibilityTraits={undefined}
        accessible={true}
        collapsable={undefined}
        hitSlop={undefined}
        isTVSelectable={true}
        nativeID={undefined}
        onLayout={undefined}
        onResponderGrant={[Function]}
        onResponderMove={[Function]}
        onResponderRelease={[Function]}
        onResponderTerminate={[Function]}
        onResponderTerminationRequest={[Function]}
        onStartShouldSetResponder={[Function]}
        style={
          Object {
            "opacity": 1,
          }
        }
        testID={undefined}
        tvParallaxProperties={undefined}
      >
        <View
          style={
            Array [
              Object {
                "backgroundColor": "rgba(255, 255, 255, 0.2)",
                "borderColor": "#ffffff",
                "borderRadius": 9999,
              },
              Array [
                Object {
                  "backgroundColor": "#73dbff",
                  "elevation": 5,
                  "opacity": 1,
                  "shadowColor": "rgba(0, 0, 0, 0.1)",
                  "shadowOffset": Object {
                    "height": 4,
                    "width": 4,
                  },
                  "shadowOpacity": 1,
                  "shadowRadius": 0,
                },
                Array [
                  Object {
                    "margin": 5,
                  },
                  null,
                ],
              ],
              Object {},
            ]
          }
        >
          <View
            collapsable={undefined}
            style={
              Object {
                "alignItems": "center",
                "height": NaN,
                "justifyContent": "center",
                "overflow": "hidden",
                "width": NaN,
              }
            }
          >
            <Text
              accessible={true}
              allowFontScaling={true}
              collapsable={undefined}
              disabled={false}
              ellipsizeMode="tail"
              style={
                Object {
                  "backgroundColor": "transparent",
                  "color": "#ffffff",
                  "fontFamily": "norddruck",
                  "fontSize": 35,
                  "marginTop": 5,
                  "textAlign": "center",
                }
              }
            >
              Du bist eine Ananas
            </Text>
          </View>
        </View>
      </View>
      <View
        accessibilityComponentType={undefined}
        accessibilityLabel={undefined}
        accessibilityTraits={undefined}
        accessible={true}
        collapsable={undefined}
        hitSlop={undefined}
        isTVSelectable={true}
        nativeID={undefined}
        onLayout={undefined}
        onResponderGrant={[Function]}
        onResponderMove={[Function]}
        onResponderRelease={[Function]}
        onResponderTerminate={[Function]}
        onResponderTerminationRequest={[Function]}
        onStartShouldSetResponder={[Function]}
        style={
          Object {
            "opacity": 1,
          }
        }
        testID={undefined}
        tvParallaxProperties={undefined}
      >
        <View
          style={
            Array [
              Object {
                "backgroundColor": "rgba(255, 255, 255, 0.2)",
                "borderColor": "#ffffff",
                "borderRadius": 9999,
              },
              Array [
                Object {
                  "backgroundColor": "#73dbff",
                  "elevation": 5,
                  "opacity": 1,
                  "shadowColor": "rgba(0, 0, 0, 0.1)",
                  "shadowOffset": Object {
                    "height": 4,
                    "width": 4,
                  },
                  "shadowOpacity": 1,
                  "shadowRadius": 0,
                },
                Array [
                  Object {
                    "margin": 5,
                  },
                  null,
                ],
              ],
              Object {},
            ]
          }
        >
          <View
            collapsable={undefined}
            style={
              Object {
                "alignItems": "center",
                "height": NaN,
                "justifyContent": "center",
                "overflow": "hidden",
                "width": NaN,
              }
            }
          >
            <Text
              accessible={true}
              allowFontScaling={true}
              collapsable={undefined}
              disabled={false}
              ellipsizeMode="tail"
              style={
                Object {
                  "backgroundColor": "transparent",
                  "color": "#ffffff",
                  "fontFamily": "norddruck",
                  "fontSize": 35,
                  "marginTop": 5,
                  "textAlign": "center",
                }
              }
            >
              Wir sind eine Ananas
            </Text>
          </View>
        </View>
      </View>
    </View>
  </View>
</View>
`;
