// Jest Snapshot v1, https://goo.gl/fbAQLP

exports[` 1`] = `
<View
  config={
    Object {
      "directionalOffsetThreshold": 160,
    }
  }
  onMoveShouldSetResponder={[Function]}
  onMoveShouldSetResponderCapture={[Function]}
  onResponderEnd={[Function]}
  onResponderGrant={[Function]}
  onResponderMove={[Function]}
  onResponderReject={[Function]}
  onResponderRelease={[Function]}
  onResponderStart={[Function]}
  onResponderTerminate={[Function]}
  onResponderTerminationRequest={[Function]}
  onStartShouldSetResponder={[Function]}
  onStartShouldSetResponderCapture={[Function]}
  onSwipeLeft={[Function]}
  style={
    Object {
      "backgroundColor": "#00b4d5",
      "flex": 1,
    }
  }
>
  <View
    style={
      Object {
        "alignItems": "center",
        "flex": 1,
        "justifyContent": "space-around",
      }
    }
  >
    <View
      style={
        Object {
          "flexDirection": "row",
        }
      }
    >
      <View
        style={
          Array [
            Object {
              "padding": 5,
            },
            Object {
              "backgroundColor": "#17bcde",
            },
            Object {
              "borderRadius": 20,
              "elevation": 10,
              "margin": 2,
              "padding": 5,
              "shadowColor": "rgba(0, 0, 0, 0.1)",
              "shadowOffset": Object {
                "height": 4,
                "width": 4,
              },
              "shadowOpacity": 1,
              "shadowRadius": 0,
            },
          ]
        }
      >
        <Text
          accessible={true}
          allowFontScaling={true}
          ellipsizeMode="tail"
          style={
            Object {
              "color": "#ffffff",
              "fontFamily": "norddruck",
              "fontSize": 35,
              "textAlign": "center",
            }
          }
        >
          A
        </Text>
      </View>
      <View
        style={
          Array [
            Object {
              "padding": 5,
            },
            Object {
              "backgroundColor": "#17bcde",
            },
            Object {
              "borderRadius": 20,
              "elevation": 10,
              "margin": 2,
              "padding": 5,
              "shadowColor": "rgba(0, 0, 0, 0.1)",
              "shadowOffset": Object {
                "height": 4,
                "width": 4,
              },
              "shadowOpacity": 1,
              "shadowRadius": 0,
            },
          ]
        }
      >
        <Text
          accessible={true}
          allowFontScaling={true}
          ellipsizeMode="tail"
          style={
            Object {
              "color": "#ffffff",
              "fontFamily": "norddruck",
              "fontSize": 35,
              "textAlign": "center",
            }
          }
        >
          n
        </Text>
      </View>
      <View
        style={
          Array [
            Object {
              "padding": 5,
            },
            Object {
              "backgroundColor": "#17bcde",
            },
            Object {
              "borderRadius": 20,
              "elevation": 10,
              "margin": 2,
              "padding": 5,
              "shadowColor": "rgba(0, 0, 0, 0.1)",
              "shadowOffset": Object {
                "height": 4,
                "width": 4,
              },
              "shadowOpacity": 1,
              "shadowRadius": 0,
            },
          ]
        }
      >
        <Text
          accessible={true}
          allowFontScaling={true}
          ellipsizeMode="tail"
          style={
            Object {
              "color": "#ffffff",
              "fontFamily": "norddruck",
              "fontSize": 35,
              "textAlign": "center",
            }
          }
        >
          a
        </Text>
      </View>
      <View
        style={
          Array [
            Object {
              "padding": 5,
            },
            Object {
              "backgroundColor": "#17bcde",
            },
            Object {
              "borderRadius": 20,
              "elevation": 10,
              "margin": 2,
              "padding": 5,
              "shadowColor": "rgba(0, 0, 0, 0.1)",
              "shadowOffset": Object {
                "height": 4,
                "width": 4,
              },
              "shadowOpacity": 1,
              "shadowRadius": 0,
            },
          ]
        }
      >
        <Text
          accessible={true}
          allowFontScaling={true}
          ellipsizeMode="tail"
          style={
            Object {
              "color": "#ffffff",
              "fontFamily": "norddruck",
              "fontSize": 35,
              "textAlign": "center",
            }
          }
        >
          n
        </Text>
      </View>
      <View
        style={
          Array [
            Object {
              "padding": 5,
            },
            Object {
              "backgroundColor": "#17bcde",
            },
            Object {
              "borderRadius": 20,
              "elevation": 10,
              "margin": 2,
              "padding": 5,
              "shadowColor": "rgba(0, 0, 0, 0.1)",
              "shadowOffset": Object {
                "height": 4,
                "width": 4,
              },
              "shadowOpacity": 1,
              "shadowRadius": 0,
            },
          ]
        }
      >
        <Text
          accessible={true}
          allowFontScaling={true}
          ellipsizeMode="tail"
          style={
            Object {
              "color": "#ffffff",
              "fontFamily": "norddruck",
              "fontSize": 35,
              "textAlign": "center",
            }
          }
        >
          a
        </Text>
      </View>
      <View
        style={
          Array [
            Object {
              "padding": 5,
            },
            Object {
              "backgroundColor": "#17bcde",
            },
            Object {
              "borderRadius": 20,
              "elevation": 10,
              "margin": 2,
              "padding": 5,
              "shadowColor": "rgba(0, 0, 0, 0.1)",
              "shadowOffset": Object {
                "height": 4,
                "width": 4,
              },
              "shadowOpacity": 1,
              "shadowRadius": 0,
            },
          ]
        }
      >
        <Text
          accessible={true}
          allowFontScaling={true}
          ellipsizeMode="tail"
          style={
            Object {
              "color": "#ffffff",
              "fontFamily": "norddruck",
              "fontSize": 35,
              "textAlign": "center",
            }
          }
        >
          s
        </Text>
      </View>
    </View>
    <View
      style={
        Object {
          "alignItems": "center",
          "flexDirection": "row",
          "justifyContent": "space-between",
        }
      }
    >
      <View
        accessibilityComponentType={undefined}
        accessibilityLabel={undefined}
        accessibilityTraits={undefined}
        accessible={true}
        collapsable={undefined}
        hitSlop={undefined}
        isTVSelectable={true}
        nativeID={undefined}
        onLayout={undefined}
        onResponderGrant={[Function]}
        onResponderMove={[Function]}
        onResponderRelease={[Function]}
        onResponderTerminate={[Function]}
        onResponderTerminationRequest={[Function]}
        onStartShouldSetResponder={[Function]}
        style={
          Object {
            "backgroundColor": "#0000fe",
            "borderRadius": 20,
            "elevation": 10,
            "margin": 2,
            "marginHorizontal": 10,
            "opacity": 1,
            "padding": 10,
            "shadowColor": "rgba(0, 0, 0, 0.1)",
            "shadowOffset": Object {
              "height": 4,
              "width": 4,
            },
            "shadowOpacity": 1,
            "shadowRadius": 0,
          }
        }
        testID={undefined}
        tvParallaxProperties={undefined}
      >
        <Text
          accessible={true}
          allowFontScaling={true}
          ellipsizeMode="tail"
          style={
            Object {
              "color": "#ffffff",
              "fontFamily": "norddruck",
              "fontSize": 35,
              "textAlign": "center",
            }
          }
        >
          der
        </Text>
      </View>
      <View
        accessibilityComponentType={undefined}
        accessibilityLabel={undefined}
        accessibilityTraits={undefined}
        accessible={true}
        collapsable={undefined}
        hitSlop={undefined}
        isTVSelectable={true}
        nativeID={undefined}
        onLayout={undefined}
        onResponderGrant={[Function]}
        onResponderMove={[Function]}
        onResponderRelease={[Function]}
        onResponderTerminate={[Function]}
        onResponderTerminationRequest={[Function]}
        onStartShouldSetResponder={[Function]}
        style={
          Object {
            "backgroundColor": "#fe0000",
            "borderRadius": 20,
            "elevation": 10,
            "margin": 2,
            "marginHorizontal": 10,
            "opacity": 1,
            "padding": 10,
            "shadowColor": "rgba(0, 0, 0, 0.1)",
            "shadowOffset": Object {
              "height": 4,
              "width": 4,
            },
            "shadowOpacity": 1,
            "shadowRadius": 0,
          }
        }
        testID={undefined}
        tvParallaxProperties={undefined}
      >
        <Text
          accessible={true}
          allowFontScaling={true}
          ellipsizeMode="tail"
          style={
            Object {
              "color": "#ffffff",
              "fontFamily": "norddruck",
              "fontSize": 35,
              "textAlign": "center",
            }
          }
        >
          die
        </Text>
      </View>
      <View
        accessibilityComponentType={undefined}
        accessibilityLabel={undefined}
        accessibilityTraits={undefined}
        accessible={true}
        collapsable={undefined}
        hitSlop={undefined}
        isTVSelectable={true}
        nativeID={undefined}
        onLayout={undefined}
        onResponderGrant={[Function]}
        onResponderMove={[Function]}
        onResponderRelease={[Function]}
        onResponderTerminate={[Function]}
        onResponderTerminationRequest={[Function]}
        onStartShouldSetResponder={[Function]}
        style={
          Object {
            "backgroundColor": "#01af00",
            "borderRadius": 20,
            "elevation": 10,
            "margin": 2,
            "marginHorizontal": 10,
            "opacity": 1,
            "padding": 10,
            "shadowColor": "rgba(0, 0, 0, 0.1)",
            "shadowOffset": Object {
              "height": 4,
              "width": 4,
            },
            "shadowOpacity": 1,
            "shadowRadius": 0,
          }
        }
        testID={undefined}
        tvParallaxProperties={undefined}
      >
        <Text
          accessible={true}
          allowFontScaling={true}
          ellipsizeMode="tail"
          style={
            Object {
              "color": "#ffffff",
              "fontFamily": "norddruck",
              "fontSize": 35,
              "textAlign": "center",
            }
          }
        >
          das
        </Text>
      </View>
    </View>
  </View>
  <View
    style={
      Array [
        Object {
          "position": "absolute",
        },
        Object {
          "top": 35,
        },
        Object {
          "left": 15,
        },
      ]
    }
  >
    <View
      accessibilityComponentType={undefined}
      accessibilityLabel={undefined}
      accessibilityTraits={undefined}
      accessible={true}
      collapsable={undefined}
      hitSlop={undefined}
      isTVSelectable={true}
      nativeID={undefined}
      onLayout={undefined}
      onResponderGrant={[Function]}
      onResponderMove={[Function]}
      onResponderRelease={[Function]}
      onResponderTerminate={[Function]}
      onResponderTerminationRequest={[Function]}
      onStartShouldSetResponder={[Function]}
      style={
        Object {
          "opacity": 1,
        }
      }
      testID={undefined}
      tvParallaxProperties={undefined}
    >
      <View
        style={
          Array [
            Object {
              "alignItems": "center",
              "backgroundColor": "#73dbff",
              "borderRadius": 9999,
              "elevation": 10,
              "height": 40,
              "justifyContent": "center",
              "padding": 5,
              "shadowColor": "rgba(0, 0, 0, 0.1)",
              "shadowOffset": Object {
                "height": 4,
                "width": 4,
              },
              "shadowOpacity": 1,
              "shadowRadius": 0,
              "width": 40,
            },
            undefined,
          ]
        }
      >
        <Text
          accessible={true}
          allowFontScaling={true}
          ellipsizeMode="tail"
        />
      </View>
    </View>
  </View>
  <View
    style={
      Array [
        Object {
          "position": "absolute",
        },
        Object {
          "top": 35,
        },
        Object {
          "right": 15,
        },
      ]
    }
  >
    <View
      accessibilityComponentType={undefined}
      accessibilityLabel={undefined}
      accessibilityTraits={undefined}
      accessible={true}
      collapsable={undefined}
      hitSlop={undefined}
      isTVSelectable={true}
      nativeID={undefined}
      onLayout={undefined}
      onResponderGrant={[Function]}
      onResponderMove={[Function]}
      onResponderRelease={[Function]}
      onResponderTerminate={[Function]}
      onResponderTerminationRequest={[Function]}
      onStartShouldSetResponder={[Function]}
      style={
        Object {
          "opacity": 1,
        }
      }
      testID={undefined}
      tvParallaxProperties={undefined}
    >
      <View
        style={
          Array [
            Object {
              "alignItems": "center",
              "backgroundColor": "#dbf5f5",
              "borderRadius": 9999,
              "elevation": 10,
              "height": 40,
              "justifyContent": "center",
              "padding": 5,
              "shadowColor": "rgba(0, 0, 0, 0.1)",
              "shadowOffset": Object {
                "height": 4,
                "width": 4,
              },
              "shadowOpacity": 0,
              "shadowRadius": 0,
              "width": 40,
            },
            undefined,
          ]
        }
      >
        <Text
          accessible={true}
          allowFontScaling={true}
          ellipsizeMode="tail"
        />
      </View>
    </View>
  </View>
</View>
`;

exports[` 2`] = `
<View
  config={
    Object {
      "directionalOffsetThreshold": 160,
    }
  }
  onMoveShouldSetResponder={[Function]}
  onMoveShouldSetResponderCapture={[Function]}
  onResponderEnd={[Function]}
  onResponderGrant={[Function]}
  onResponderMove={[Function]}
  onResponderReject={[Function]}
  onResponderRelease={[Function]}
  onResponderStart={[Function]}
  onResponderTerminate={[Function]}
  onResponderTerminationRequest={[Function]}
  onStartShouldSetResponder={[Function]}
  onStartShouldSetResponderCapture={[Function]}
  onSwipeLeft={[Function]}
  style={
    Object {
      "backgroundColor": "#00b4d5",
      "flex": 1,
    }
  }
>
  <View
    style={
      Object {
        "alignItems": "center",
        "flex": 1,
        "justifyContent": "space-around",
      }
    }
  >
    <View
      style={
        Object {
          "flexDirection": "row",
        }
      }
    >
      <View
        style={
          Array [
            Object {
              "padding": 5,
            },
            Object {
              "backgroundColor": "#17bcde",
            },
            Object {
              "borderRadius": 20,
              "elevation": 10,
              "margin": 2,
              "padding": 5,
              "shadowColor": "rgba(0, 0, 0, 0.1)",
              "shadowOffset": Object {
                "height": 4,
                "width": 4,
              },
              "shadowOpacity": 1,
              "shadowRadius": 0,
            },
          ]
        }
      >
        <Text
          accessible={true}
          allowFontScaling={true}
          ellipsizeMode="tail"
          style={
            Object {
              "color": "#ffffff",
              "fontFamily": "norddruck",
              "fontSize": 35,
              "textAlign": "center",
            }
          }
        >
          A
        </Text>
      </View>
      <View
        style={
          Array [
            Object {
              "padding": 5,
            },
            Object {
              "backgroundColor": "#17bcde",
            },
            Object {
              "borderRadius": 20,
              "elevation": 10,
              "margin": 2,
              "padding": 5,
              "shadowColor": "rgba(0, 0, 0, 0.1)",
              "shadowOffset": Object {
                "height": 4,
                "width": 4,
              },
              "shadowOpacity": 1,
              "shadowRadius": 0,
            },
          ]
        }
      >
        <Text
          accessible={true}
          allowFontScaling={true}
          ellipsizeMode="tail"
          style={
            Object {
              "color": "#ffffff",
              "fontFamily": "norddruck",
              "fontSize": 35,
              "textAlign": "center",
            }
          }
        >
          p
        </Text>
      </View>
      <View
        style={
          Array [
            Object {
              "padding": 5,
            },
            Object {
              "backgroundColor": "#17bcde",
            },
            Object {
              "borderRadius": 20,
              "elevation": 10,
              "margin": 2,
              "padding": 5,
              "shadowColor": "rgba(0, 0, 0, 0.1)",
              "shadowOffset": Object {
                "height": 4,
                "width": 4,
              },
              "shadowOpacity": 1,
              "shadowRadius": 0,
            },
          ]
        }
      >
        <Text
          accessible={true}
          allowFontScaling={true}
          ellipsizeMode="tail"
          style={
            Object {
              "color": "#ffffff",
              "fontFamily": "norddruck",
              "fontSize": 35,
              "textAlign": "center",
            }
          }
        >
          f
        </Text>
      </View>
      <View
        style={
          Array [
            Object {
              "padding": 5,
            },
            Object {
              "backgroundColor": "#17bcde",
            },
            Object {
              "borderRadius": 20,
              "elevation": 10,
              "margin": 2,
              "padding": 5,
              "shadowColor": "rgba(0, 0, 0, 0.1)",
              "shadowOffset": Object {
                "height": 4,
                "width": 4,
              },
              "shadowOpacity": 1,
              "shadowRadius": 0,
            },
          ]
        }
      >
        <Text
          accessible={true}
          allowFontScaling={true}
          ellipsizeMode="tail"
          style={
            Object {
              "color": "#ffffff",
              "fontFamily": "norddruck",
              "fontSize": 35,
              "textAlign": "center",
            }
          }
        >
          e
        </Text>
      </View>
      <View
        style={
          Array [
            Object {
              "padding": 5,
            },
            Object {
              "backgroundColor": "#17bcde",
            },
            Object {
              "borderRadius": 20,
              "elevation": 10,
              "margin": 2,
              "padding": 5,
              "shadowColor": "rgba(0, 0, 0, 0.1)",
              "shadowOffset": Object {
                "height": 4,
                "width": 4,
              },
              "shadowOpacity": 1,
              "shadowRadius": 0,
            },
          ]
        }
      >
        <Text
          accessible={true}
          allowFontScaling={true}
          ellipsizeMode="tail"
          style={
            Object {
              "color": "#ffffff",
              "fontFamily": "norddruck",
              "fontSize": 35,
              "textAlign": "center",
            }
          }
        >
          l
        </Text>
      </View>
    </View>
    <View
      style={
        Object {
          "alignItems": "center",
          "flexDirection": "row",
          "justifyContent": "space-between",
        }
      }
    >
      <View
        accessibilityComponentType={undefined}
        accessibilityLabel={undefined}
        accessibilityTraits={undefined}
        accessible={true}
        collapsable={undefined}
        hitSlop={undefined}
        isTVSelectable={true}
        nativeID={undefined}
        onLayout={undefined}
        onResponderGrant={[Function]}
        onResponderMove={[Function]}
        onResponderRelease={[Function]}
        onResponderTerminate={[Function]}
        onResponderTerminationRequest={[Function]}
        onStartShouldSetResponder={[Function]}
        style={
          Object {
            "backgroundColor": "#0000fe",
            "borderRadius": 20,
            "elevation": 10,
            "margin": 2,
            "marginHorizontal": 10,
            "opacity": 1,
            "padding": 10,
            "shadowColor": "rgba(0, 0, 0, 0.1)",
            "shadowOffset": Object {
              "height": 4,
              "width": 4,
            },
            "shadowOpacity": 1,
            "shadowRadius": 0,
          }
        }
        testID={undefined}
        tvParallaxProperties={undefined}
      >
        <Text
          accessible={true}
          allowFontScaling={true}
          ellipsizeMode="tail"
          style={
            Object {
              "color": "#ffffff",
              "fontFamily": "norddruck",
              "fontSize": 35,
              "textAlign": "center",
            }
          }
        >
          der
        </Text>
      </View>
      <View
        accessibilityComponentType={undefined}
        accessibilityLabel={undefined}
        accessibilityTraits={undefined}
        accessible={true}
        collapsable={undefined}
        hitSlop={undefined}
        isTVSelectable={true}
        nativeID={undefined}
        onLayout={undefined}
        onResponderGrant={[Function]}
        onResponderMove={[Function]}
        onResponderRelease={[Function]}
        onResponderTerminate={[Function]}
        onResponderTerminationRequest={[Function]}
        onStartShouldSetResponder={[Function]}
        style={
          Object {
            "backgroundColor": "#fe0000",
            "borderRadius": 20,
            "elevation": 10,
            "margin": 2,
            "marginHorizontal": 10,
            "opacity": 1,
            "padding": 10,
            "shadowColor": "rgba(0, 0, 0, 0.1)",
            "shadowOffset": Object {
              "height": 4,
              "width": 4,
            },
            "shadowOpacity": 1,
            "shadowRadius": 0,
          }
        }
        testID={undefined}
        tvParallaxProperties={undefined}
      >
        <Text
          accessible={true}
          allowFontScaling={true}
          ellipsizeMode="tail"
          style={
            Object {
              "color": "#ffffff",
              "fontFamily": "norddruck",
              "fontSize": 35,
              "textAlign": "center",
            }
          }
        >
          die
        </Text>
      </View>
      <View
        accessibilityComponentType={undefined}
        accessibilityLabel={undefined}
        accessibilityTraits={undefined}
        accessible={true}
        collapsable={undefined}
        hitSlop={undefined}
        isTVSelectable={true}
        nativeID={undefined}
        onLayout={undefined}
        onResponderGrant={[Function]}
        onResponderMove={[Function]}
        onResponderRelease={[Function]}
        onResponderTerminate={[Function]}
        onResponderTerminationRequest={[Function]}
        onStartShouldSetResponder={[Function]}
        style={
          Object {
            "backgroundColor": "#01af00",
            "borderRadius": 20,
            "elevation": 10,
            "margin": 2,
            "marginHorizontal": 10,
            "opacity": 1,
            "padding": 10,
            "shadowColor": "rgba(0, 0, 0, 0.1)",
            "shadowOffset": Object {
              "height": 4,
              "width": 4,
            },
            "shadowOpacity": 1,
            "shadowRadius": 0,
          }
        }
        testID={undefined}
        tvParallaxProperties={undefined}
      >
        <Text
          accessible={true}
          allowFontScaling={true}
          ellipsizeMode="tail"
          style={
            Object {
              "color": "#ffffff",
              "fontFamily": "norddruck",
              "fontSize": 35,
              "textAlign": "center",
            }
          }
        >
          das
        </Text>
      </View>
    </View>
  </View>
  <View
    style={
      Array [
        Object {
          "position": "absolute",
        },
        Object {
          "top": 35,
        },
        Object {
          "left": 15,
        },
      ]
    }
  >
    <View
      accessibilityComponentType={undefined}
      accessibilityLabel={undefined}
      accessibilityTraits={undefined}
      accessible={true}
      collapsable={undefined}
      hitSlop={undefined}
      isTVSelectable={true}
      nativeID={undefined}
      onLayout={undefined}
      onResponderGrant={[Function]}
      onResponderMove={[Function]}
      onResponderRelease={[Function]}
      onResponderTerminate={[Function]}
      onResponderTerminationRequest={[Function]}
      onStartShouldSetResponder={[Function]}
      style={
        Object {
          "opacity": 1,
        }
      }
      testID={undefined}
      tvParallaxProperties={undefined}
    >
      <View
        style={
          Array [
            Object {
              "alignItems": "center",
              "backgroundColor": "#73dbff",
              "borderRadius": 9999,
              "elevation": 10,
              "height": 40,
              "justifyContent": "center",
              "padding": 5,
              "shadowColor": "rgba(0, 0, 0, 0.1)",
              "shadowOffset": Object {
                "height": 4,
                "width": 4,
              },
              "shadowOpacity": 1,
              "shadowRadius": 0,
              "width": 40,
            },
            undefined,
          ]
        }
      >
        <Text
          accessible={true}
          allowFontScaling={true}
          ellipsizeMode="tail"
        />
      </View>
    </View>
  </View>
  <View
    style={
      Array [
        Object {
          "position": "absolute",
        },
        Object {
          "top": 35,
        },
        Object {
          "right": 15,
        },
      ]
    }
  >
    <View
      accessibilityComponentType={undefined}
      accessibilityLabel={undefined}
      accessibilityTraits={undefined}
      accessible={true}
      collapsable={undefined}
      hitSlop={undefined}
      isTVSelectable={true}
      nativeID={undefined}
      onLayout={undefined}
      onResponderGrant={[Function]}
      onResponderMove={[Function]}
      onResponderRelease={[Function]}
      onResponderTerminate={[Function]}
      onResponderTerminationRequest={[Function]}
      onStartShouldSetResponder={[Function]}
      style={
        Object {
          "opacity": 1,
        }
      }
      testID={undefined}
      tvParallaxProperties={undefined}
    >
      <View
        style={
          Array [
            Object {
              "alignItems": "center",
              "backgroundColor": "#dbf5f5",
              "borderRadius": 9999,
              "elevation": 10,
              "height": 40,
              "justifyContent": "center",
              "padding": 5,
              "shadowColor": "rgba(0, 0, 0, 0.1)",
              "shadowOffset": Object {
                "height": 4,
                "width": 4,
              },
              "shadowOpacity": 0,
              "shadowRadius": 0,
              "width": 40,
            },
            undefined,
          ]
        }
      >
        <Text
          accessible={true}
          allowFontScaling={true}
          ellipsizeMode="tail"
        />
      </View>
    </View>
  </View>
</View>
`;

exports[` 3`] = `
<View
  config={
    Object {
      "directionalOffsetThreshold": 160,
    }
  }
  onMoveShouldSetResponder={[Function]}
  onMoveShouldSetResponderCapture={[Function]}
  onResponderEnd={[Function]}
  onResponderGrant={[Function]}
  onResponderMove={[Function]}
  onResponderReject={[Function]}
  onResponderRelease={[Function]}
  onResponderStart={[Function]}
  onResponderTerminate={[Function]}
  onResponderTerminationRequest={[Function]}
  onStartShouldSetResponder={[Function]}
  onStartShouldSetResponderCapture={[Function]}
  onSwipeLeft={[Function]}
  style={
    Object {
      "backgroundColor": "#b5ce4d",
      "flex": 1,
    }
  }
>
  <View
    style={
      Object {
        "alignItems": "center",
        "flex": 1,
        "justifyContent": "space-around",
      }
    }
  >
    <View
      style={
        Object {
          "flexDirection": "row",
        }
      }
    >
      <View
        style={
          Array [
            Object {
              "padding": 5,
            },
            Object {
              "backgroundColor": "#17bcde",
            },
            Object {
              "borderRadius": 20,
              "elevation": 10,
              "margin": 2,
              "padding": 5,
              "shadowColor": "rgba(0, 0, 0, 0.1)",
              "shadowOffset": Object {
                "height": 4,
                "width": 4,
              },
              "shadowOpacity": 1,
              "shadowRadius": 0,
            },
          ]
        }
      >
        <Text
          accessible={true}
          allowFontScaling={true}
          ellipsizeMode="tail"
          style={
            Object {
              "color": "#ffffff",
              "fontFamily": "norddruck",
              "fontSize": 35,
              "textAlign": "center",
            }
          }
        >
          A
        </Text>
      </View>
      <View
        style={
          Array [
            Object {
              "padding": 5,
            },
            Object {
              "backgroundColor": "#17bcde",
            },
            Object {
              "borderRadius": 20,
              "elevation": 10,
              "margin": 2,
              "padding": 5,
              "shadowColor": "rgba(0, 0, 0, 0.1)",
              "shadowOffset": Object {
                "height": 4,
                "width": 4,
              },
              "shadowOpacity": 1,
              "shadowRadius": 0,
            },
          ]
        }
      >
        <Text
          accessible={true}
          allowFontScaling={true}
          ellipsizeMode="tail"
          style={
            Object {
              "color": "#ffffff",
              "fontFamily": "norddruck",
              "fontSize": 35,
              "textAlign": "center",
            }
          }
        >
          n
        </Text>
      </View>
      <View
        style={
          Array [
            Object {
              "padding": 5,
            },
            Object {
              "backgroundColor": "#17bcde",
            },
            Object {
              "borderRadius": 20,
              "elevation": 10,
              "margin": 2,
              "padding": 5,
              "shadowColor": "rgba(0, 0, 0, 0.1)",
              "shadowOffset": Object {
                "height": 4,
                "width": 4,
              },
              "shadowOpacity": 1,
              "shadowRadius": 0,
            },
          ]
        }
      >
        <Text
          accessible={true}
          allowFontScaling={true}
          ellipsizeMode="tail"
          style={
            Object {
              "color": "#ffffff",
              "fontFamily": "norddruck",
              "fontSize": 35,
              "textAlign": "center",
            }
          }
        >
          a
        </Text>
      </View>
      <View
        style={
          Array [
            Object {
              "padding": 5,
            },
            Object {
              "backgroundColor": "#17bcde",
            },
            Object {
              "borderRadius": 20,
              "elevation": 10,
              "margin": 2,
              "padding": 5,
              "shadowColor": "rgba(0, 0, 0, 0.1)",
              "shadowOffset": Object {
                "height": 4,
                "width": 4,
              },
              "shadowOpacity": 1,
              "shadowRadius": 0,
            },
          ]
        }
      >
        <Text
          accessible={true}
          allowFontScaling={true}
          ellipsizeMode="tail"
          style={
            Object {
              "color": "#ffffff",
              "fontFamily": "norddruck",
              "fontSize": 35,
              "textAlign": "center",
            }
          }
        >
          n
        </Text>
      </View>
      <View
        style={
          Array [
            Object {
              "padding": 5,
            },
            Object {
              "backgroundColor": "#17bcde",
            },
            Object {
              "borderRadius": 20,
              "elevation": 10,
              "margin": 2,
              "padding": 5,
              "shadowColor": "rgba(0, 0, 0, 0.1)",
              "shadowOffset": Object {
                "height": 4,
                "width": 4,
              },
              "shadowOpacity": 1,
              "shadowRadius": 0,
            },
          ]
        }
      >
        <Text
          accessible={true}
          allowFontScaling={true}
          ellipsizeMode="tail"
          style={
            Object {
              "color": "#ffffff",
              "fontFamily": "norddruck",
              "fontSize": 35,
              "textAlign": "center",
            }
          }
        >
          a
        </Text>
      </View>
      <View
        style={
          Array [
            Object {
              "padding": 5,
            },
            Object {
              "backgroundColor": "#17bcde",
            },
            Object {
              "borderRadius": 20,
              "elevation": 10,
              "margin": 2,
              "padding": 5,
              "shadowColor": "rgba(0, 0, 0, 0.1)",
              "shadowOffset": Object {
                "height": 4,
                "width": 4,
              },
              "shadowOpacity": 1,
              "shadowRadius": 0,
            },
          ]
        }
      >
        <Text
          accessible={true}
          allowFontScaling={true}
          ellipsizeMode="tail"
          style={
            Object {
              "color": "#ffffff",
              "fontFamily": "norddruck",
              "fontSize": 35,
              "textAlign": "center",
            }
          }
        >
          s
        </Text>
      </View>
    </View>
    <View
      style={
        Object {
          "alignItems": "center",
          "flexDirection": "row",
          "justifyContent": "space-between",
        }
      }
    >
      <View
        accessibilityComponentType={undefined}
        accessibilityLabel={undefined}
        accessibilityTraits={undefined}
        accessible={true}
        collapsable={undefined}
        hitSlop={undefined}
        isTVSelectable={true}
        nativeID={undefined}
        onLayout={undefined}
        onResponderGrant={[Function]}
        onResponderMove={[Function]}
        onResponderRelease={[Function]}
        onResponderTerminate={[Function]}
        onResponderTerminationRequest={[Function]}
        onStartShouldSetResponder={[Function]}
        style={
          Object {
            "backgroundColor": "#0000fe",
            "borderRadius": 20,
            "elevation": 10,
            "margin": 2,
            "marginHorizontal": 10,
            "opacity": 1,
            "padding": 10,
            "shadowColor": "rgba(0, 0, 0, 0.1)",
            "shadowOffset": Object {
              "height": 4,
              "width": 4,
            },
            "shadowOpacity": 1,
            "shadowRadius": 0,
          }
        }
        testID={undefined}
        tvParallaxProperties={undefined}
      >
        <Text
          accessible={true}
          allowFontScaling={true}
          ellipsizeMode="tail"
          style={
            Object {
              "color": "#ffffff",
              "fontFamily": "norddruck",
              "fontSize": 35,
              "textAlign": "center",
            }
          }
        >
          der
        </Text>
      </View>
      <View
        accessibilityComponentType={undefined}
        accessibilityLabel={undefined}
        accessibilityTraits={undefined}
        accessible={true}
        collapsable={undefined}
        hitSlop={undefined}
        isTVSelectable={true}
        nativeID={undefined}
        onLayout={undefined}
        onResponderGrant={[Function]}
        onResponderMove={[Function]}
        onResponderRelease={[Function]}
        onResponderTerminate={[Function]}
        onResponderTerminationRequest={[Function]}
        onStartShouldSetResponder={[Function]}
        style={
          Object {
            "backgroundColor": "#fe0000",
            "borderRadius": 20,
            "elevation": 10,
            "margin": 2,
            "marginHorizontal": 15,
            "opacity": 1,
            "padding": 15,
            "shadowColor": "rgba(0, 0, 0, 0.1)",
            "shadowOffset": Object {
              "height": 4,
              "width": 4,
            },
            "shadowOpacity": 1,
            "shadowRadius": 0,
          }
        }
        testID={undefined}
        tvParallaxProperties={undefined}
      >
        <Text
          accessible={true}
          allowFontScaling={true}
          ellipsizeMode="tail"
          style={
            Object {
              "color": "#ffffff",
              "fontFamily": "norddruck",
              "fontSize": 35,
              "textAlign": "center",
            }
          }
        >
          die
        </Text>
      </View>
      <View
        accessibilityComponentType={undefined}
        accessibilityLabel={undefined}
        accessibilityTraits={undefined}
        accessible={true}
        collapsable={undefined}
        hitSlop={undefined}
        isTVSelectable={true}
        nativeID={undefined}
        onLayout={undefined}
        onResponderGrant={[Function]}
        onResponderMove={[Function]}
        onResponderRelease={[Function]}
        onResponderTerminate={[Function]}
        onResponderTerminationRequest={[Function]}
        onStartShouldSetResponder={[Function]}
        style={
          Object {
            "backgroundColor": "#01af00",
            "borderRadius": 20,
            "elevation": 10,
            "margin": 2,
            "marginHorizontal": 10,
            "opacity": 1,
            "padding": 10,
            "shadowColor": "rgba(0, 0, 0, 0.1)",
            "shadowOffset": Object {
              "height": 4,
              "width": 4,
            },
            "shadowOpacity": 1,
            "shadowRadius": 0,
          }
        }
        testID={undefined}
        tvParallaxProperties={undefined}
      >
        <Text
          accessible={true}
          allowFontScaling={true}
          ellipsizeMode="tail"
          style={
            Object {
              "color": "#ffffff",
              "fontFamily": "norddruck",
              "fontSize": 35,
              "textAlign": "center",
            }
          }
        >
          das
        </Text>
      </View>
    </View>
  </View>
  <View
    style={
      Array [
        Object {
          "position": "absolute",
        },
        Object {
          "top": 35,
        },
        Object {
          "left": 15,
        },
      ]
    }
  >
    <View
      accessibilityComponentType={undefined}
      accessibilityLabel={undefined}
      accessibilityTraits={undefined}
      accessible={true}
      collapsable={undefined}
      hitSlop={undefined}
      isTVSelectable={true}
      nativeID={undefined}
      onLayout={undefined}
      onResponderGrant={[Function]}
      onResponderMove={[Function]}
      onResponderRelease={[Function]}
      onResponderTerminate={[Function]}
      onResponderTerminationRequest={[Function]}
      onStartShouldSetResponder={[Function]}
      style={
        Object {
          "opacity": 1,
        }
      }
      testID={undefined}
      tvParallaxProperties={undefined}
    >
      <View
        style={
          Array [
            Object {
              "alignItems": "center",
              "backgroundColor": "#73dbff",
              "borderRadius": 9999,
              "elevation": 10,
              "height": 40,
              "justifyContent": "center",
              "padding": 5,
              "shadowColor": "rgba(0, 0, 0, 0.1)",
              "shadowOffset": Object {
                "height": 4,
                "width": 4,
              },
              "shadowOpacity": 1,
              "shadowRadius": 0,
              "width": 40,
            },
            undefined,
          ]
        }
      >
        <Text
          accessible={true}
          allowFontScaling={true}
          ellipsizeMode="tail"
        />
      </View>
    </View>
  </View>
  <View
    style={
      Array [
        Object {
          "position": "absolute",
        },
        Object {
          "top": 35,
        },
        Object {
          "right": 15,
        },
      ]
    }
  >
    <View
      accessibilityComponentType={undefined}
      accessibilityLabel={undefined}
      accessibilityTraits={undefined}
      accessible={true}
      collapsable={undefined}
      hitSlop={undefined}
      isTVSelectable={true}
      nativeID={undefined}
      onLayout={undefined}
      onResponderGrant={[Function]}
      onResponderMove={[Function]}
      onResponderRelease={[Function]}
      onResponderTerminate={[Function]}
      onResponderTerminationRequest={[Function]}
      onStartShouldSetResponder={[Function]}
      style={
        Object {
          "opacity": 1,
        }
      }
      testID={undefined}
      tvParallaxProperties={undefined}
    >
      <View
        style={
          Array [
            Object {
              "alignItems": "center",
              "backgroundColor": "#73dbff",
              "borderRadius": 9999,
              "elevation": 10,
              "height": 40,
              "justifyContent": "center",
              "padding": 5,
              "shadowColor": "rgba(0, 0, 0, 0.1)",
              "shadowOffset": Object {
                "height": 4,
                "width": 4,
              },
              "shadowOpacity": 1,
              "shadowRadius": 0,
              "width": 40,
            },
            undefined,
          ]
        }
      >
        <Text
          accessible={true}
          allowFontScaling={true}
          ellipsizeMode="tail"
        />
      </View>
    </View>
  </View>
</View>
`;

exports[` 4`] = `
<View
  config={
    Object {
      "directionalOffsetThreshold": 160,
    }
  }
  onMoveShouldSetResponder={[Function]}
  onMoveShouldSetResponderCapture={[Function]}
  onResponderEnd={[Function]}
  onResponderGrant={[Function]}
  onResponderMove={[Function]}
  onResponderReject={[Function]}
  onResponderRelease={[Function]}
  onResponderStart={[Function]}
  onResponderTerminate={[Function]}
  onResponderTerminationRequest={[Function]}
  onStartShouldSetResponder={[Function]}
  onStartShouldSetResponderCapture={[Function]}
  onSwipeLeft={[Function]}
  style={
    Object {
      "backgroundColor": "#00b4d5",
      "flex": 1,
    }
  }
>
  <View
    style={
      Object {
        "alignItems": "center",
        "flex": 1,
        "justifyContent": "space-around",
      }
    }
  >
    <View
      style={
        Object {
          "flexDirection": "row",
        }
      }
    >
      <View
        style={
          Array [
            Object {
              "padding": 5,
            },
            Object {
              "backgroundColor": "#17bcde",
            },
            Object {
              "borderRadius": 20,
              "elevation": 10,
              "margin": 2,
              "padding": 5,
              "shadowColor": "rgba(0, 0, 0, 0.1)",
              "shadowOffset": Object {
                "height": 4,
                "width": 4,
              },
              "shadowOpacity": 1,
              "shadowRadius": 0,
            },
          ]
        }
      >
        <Text
          accessible={true}
          allowFontScaling={true}
          ellipsizeMode="tail"
          style={
            Object {
              "color": "#ffffff",
              "fontFamily": "norddruck",
              "fontSize": 35,
              "textAlign": "center",
            }
          }
        >
          A
        </Text>
      </View>
      <View
        style={
          Array [
            Object {
              "padding": 5,
            },
            Object {
              "backgroundColor": "#17bcde",
            },
            Object {
              "borderRadius": 20,
              "elevation": 10,
              "margin": 2,
              "padding": 5,
              "shadowColor": "rgba(0, 0, 0, 0.1)",
              "shadowOffset": Object {
                "height": 4,
                "width": 4,
              },
              "shadowOpacity": 1,
              "shadowRadius": 0,
            },
          ]
        }
      >
        <Text
          accessible={true}
          allowFontScaling={true}
          ellipsizeMode="tail"
          style={
            Object {
              "color": "#ffffff",
              "fontFamily": "norddruck",
              "fontSize": 35,
              "textAlign": "center",
            }
          }
        >
          p
        </Text>
      </View>
      <View
        style={
          Array [
            Object {
              "padding": 5,
            },
            Object {
              "backgroundColor": "#17bcde",
            },
            Object {
              "borderRadius": 20,
              "elevation": 10,
              "margin": 2,
              "padding": 5,
              "shadowColor": "rgba(0, 0, 0, 0.1)",
              "shadowOffset": Object {
                "height": 4,
                "width": 4,
              },
              "shadowOpacity": 1,
              "shadowRadius": 0,
            },
          ]
        }
      >
        <Text
          accessible={true}
          allowFontScaling={true}
          ellipsizeMode="tail"
          style={
            Object {
              "color": "#ffffff",
              "fontFamily": "norddruck",
              "fontSize": 35,
              "textAlign": "center",
            }
          }
        >
          f
        </Text>
      </View>
      <View
        style={
          Array [
            Object {
              "padding": 5,
            },
            Object {
              "backgroundColor": "#17bcde",
            },
            Object {
              "borderRadius": 20,
              "elevation": 10,
              "margin": 2,
              "padding": 5,
              "shadowColor": "rgba(0, 0, 0, 0.1)",
              "shadowOffset": Object {
                "height": 4,
                "width": 4,
              },
              "shadowOpacity": 1,
              "shadowRadius": 0,
            },
          ]
        }
      >
        <Text
          accessible={true}
          allowFontScaling={true}
          ellipsizeMode="tail"
          style={
            Object {
              "color": "#ffffff",
              "fontFamily": "norddruck",
              "fontSize": 35,
              "textAlign": "center",
            }
          }
        >
          e
        </Text>
      </View>
      <View
        style={
          Array [
            Object {
              "padding": 5,
            },
            Object {
              "backgroundColor": "#17bcde",
            },
            Object {
              "borderRadius": 20,
              "elevation": 10,
              "margin": 2,
              "padding": 5,
              "shadowColor": "rgba(0, 0, 0, 0.1)",
              "shadowOffset": Object {
                "height": 4,
                "width": 4,
              },
              "shadowOpacity": 1,
              "shadowRadius": 0,
            },
          ]
        }
      >
        <Text
          accessible={true}
          allowFontScaling={true}
          ellipsizeMode="tail"
          style={
            Object {
              "color": "#ffffff",
              "fontFamily": "norddruck",
              "fontSize": 35,
              "textAlign": "center",
            }
          }
        >
          l
        </Text>
      </View>
    </View>
    <View
      style={
        Object {
          "alignItems": "center",
          "flexDirection": "row",
          "justifyContent": "space-between",
        }
      }
    >
      <View
        accessibilityComponentType={undefined}
        accessibilityLabel={undefined}
        accessibilityTraits={undefined}
        accessible={true}
        collapsable={undefined}
        hitSlop={undefined}
        isTVSelectable={true}
        nativeID={undefined}
        onLayout={undefined}
        onResponderGrant={[Function]}
        onResponderMove={[Function]}
        onResponderRelease={[Function]}
        onResponderTerminate={[Function]}
        onResponderTerminationRequest={[Function]}
        onStartShouldSetResponder={[Function]}
        style={
          Object {
            "backgroundColor": "#0000fe",
            "borderColor": "#b5ce4d",
            "borderRadius": 20,
            "borderWidth": 10,
            "elevation": 10,
            "margin": 2,
            "marginHorizontal": 10,
            "opacity": 1,
            "padding": 10,
            "shadowColor": "rgba(0, 0, 0, 0.1)",
            "shadowOffset": Object {
              "height": 4,
              "width": 4,
            },
            "shadowOpacity": 1,
            "shadowRadius": 0,
          }
        }
        testID={undefined}
        tvParallaxProperties={undefined}
      >
        <Text
          accessible={true}
          allowFontScaling={true}
          ellipsizeMode="tail"
          style={
            Object {
              "color": "#ffffff",
              "fontFamily": "norddruck",
              "fontSize": 35,
              "textAlign": "center",
            }
          }
        >
          der
        </Text>
      </View>
      <View
        accessibilityComponentType={undefined}
        accessibilityLabel={undefined}
        accessibilityTraits={undefined}
        accessible={true}
        collapsable={undefined}
        hitSlop={undefined}
        isTVSelectable={true}
        nativeID={undefined}
        onLayout={undefined}
        onResponderGrant={[Function]}
        onResponderMove={[Function]}
        onResponderRelease={[Function]}
        onResponderTerminate={[Function]}
        onResponderTerminationRequest={[Function]}
        onStartShouldSetResponder={[Function]}
        style={
          Object {
            "backgroundColor": "#fe0000",
            "borderColor": "#cf614d",
            "borderRadius": 20,
            "borderWidth": 10,
            "elevation": 10,
            "margin": 2,
            "marginHorizontal": 15,
            "opacity": 1,
            "padding": 15,
            "shadowColor": "rgba(0, 0, 0, 0.1)",
            "shadowOffset": Object {
              "height": 4,
              "width": 4,
            },
            "shadowOpacity": 1,
            "shadowRadius": 0,
          }
        }
        testID={undefined}
        tvParallaxProperties={undefined}
      >
        <Text
          accessible={true}
          allowFontScaling={true}
          ellipsizeMode="tail"
          style={
            Object {
              "color": "#ffffff",
              "fontFamily": "norddruck",
              "fontSize": 35,
              "textAlign": "center",
            }
          }
        >
          die
        </Text>
      </View>
      <View
        accessibilityComponentType={undefined}
        accessibilityLabel={undefined}
        accessibilityTraits={undefined}
        accessible={true}
        collapsable={undefined}
        hitSlop={undefined}
        isTVSelectable={true}
        nativeID={undefined}
        onLayout={undefined}
        onResponderGrant={[Function]}
        onResponderMove={[Function]}
        onResponderRelease={[Function]}
        onResponderTerminate={[Function]}
        onResponderTerminationRequest={[Function]}
        onStartShouldSetResponder={[Function]}
        style={
          Object {
            "backgroundColor": "#01af00",
            "borderRadius": 20,
            "elevation": 10,
            "margin": 2,
            "marginHorizontal": 10,
            "opacity": 1,
            "padding": 10,
            "shadowColor": "rgba(0, 0, 0, 0.1)",
            "shadowOffset": Object {
              "height": 4,
              "width": 4,
            },
            "shadowOpacity": 1,
            "shadowRadius": 0,
          }
        }
        testID={undefined}
        tvParallaxProperties={undefined}
      >
        <Text
          accessible={true}
          allowFontScaling={true}
          ellipsizeMode="tail"
          style={
            Object {
              "color": "#ffffff",
              "fontFamily": "norddruck",
              "fontSize": 35,
              "textAlign": "center",
            }
          }
        >
          das
        </Text>
      </View>
    </View>
  </View>
  <View
    style={
      Array [
        Object {
          "position": "absolute",
        },
        Object {
          "top": 35,
        },
        Object {
          "left": 15,
        },
      ]
    }
  >
    <View
      accessibilityComponentType={undefined}
      accessibilityLabel={undefined}
      accessibilityTraits={undefined}
      accessible={true}
      collapsable={undefined}
      hitSlop={undefined}
      isTVSelectable={true}
      nativeID={undefined}
      onLayout={undefined}
      onResponderGrant={[Function]}
      onResponderMove={[Function]}
      onResponderRelease={[Function]}
      onResponderTerminate={[Function]}
      onResponderTerminationRequest={[Function]}
      onStartShouldSetResponder={[Function]}
      style={
        Object {
          "opacity": 1,
        }
      }
      testID={undefined}
      tvParallaxProperties={undefined}
    >
      <View
        style={
          Array [
            Object {
              "alignItems": "center",
              "backgroundColor": "#73dbff",
              "borderRadius": 9999,
              "elevation": 10,
              "height": 40,
              "justifyContent": "center",
              "padding": 5,
              "shadowColor": "rgba(0, 0, 0, 0.1)",
              "shadowOffset": Object {
                "height": 4,
                "width": 4,
              },
              "shadowOpacity": 1,
              "shadowRadius": 0,
              "width": 40,
            },
            undefined,
          ]
        }
      >
        <Text
          accessible={true}
          allowFontScaling={true}
          ellipsizeMode="tail"
        />
      </View>
    </View>
  </View>
  <View
    style={
      Array [
        Object {
          "position": "absolute",
        },
        Object {
          "top": 35,
        },
        Object {
          "right": 15,
        },
      ]
    }
  >
    <View
      accessibilityComponentType={undefined}
      accessibilityLabel={undefined}
      accessibilityTraits={undefined}
      accessible={true}
      collapsable={undefined}
      hitSlop={undefined}
      isTVSelectable={true}
      nativeID={undefined}
      onLayout={undefined}
      onResponderGrant={[Function]}
      onResponderMove={[Function]}
      onResponderRelease={[Function]}
      onResponderTerminate={[Function]}
      onResponderTerminationRequest={[Function]}
      onStartShouldSetResponder={[Function]}
      style={
        Object {
          "opacity": 1,
        }
      }
      testID={undefined}
      tvParallaxProperties={undefined}
    >
      <View
        style={
          Array [
            Object {
              "alignItems": "center",
              "backgroundColor": "#73dbff",
              "borderRadius": 9999,
              "elevation": 10,
              "height": 40,
              "justifyContent": "center",
              "padding": 5,
              "shadowColor": "rgba(0, 0, 0, 0.1)",
              "shadowOffset": Object {
                "height": 4,
                "width": 4,
              },
              "shadowOpacity": 1,
              "shadowRadius": 0,
              "width": 40,
            },
            undefined,
          ]
        }
      >
        <Text
          accessible={true}
          allowFontScaling={true}
          ellipsizeMode="tail"
        />
      </View>
    </View>
  </View>
</View>
`;
