// Jest Snapshot v1, https://goo.gl/fbAQLP

exports[`renders without crashing 1`] = `
<NativeRouter>
  <View
    style={
      Object {
        "flex": 1,
      }
    }
  >
    <Route
      exact={true}
      path="/"
      render={[Function]}
    />
    <Route
      path="/course"
      render={[Function]}
    />
    <Route
      component={[Function]}
      path="/section/:id"
    />
  </View>
</NativeRouter>
`;
